============================= test session starts ==============================
platform linux -- Python 3.12.3, pytest-9.1.0, pluggy-1.6.0 -- /home/ubuntu/rag-system/.venv/bin/python3
cachedir: .pytest_cache
rootdir: /home/ubuntu/rag-system
plugins: anyio-4.14.0, langsmith-0.8.16, flask-1.3.0
collecting ... collected 14 items

tests/test_rag.py::TestHealthCheck::test_returns_200 PASSED              [  7%]
tests/test_rag.py::TestHealthCheck::test_returns_healthy_status PASSED   [ 14%]
tests/test_rag.py::TestIngestEndpoint::test_no_file_returns_400 PASSED   [ 21%]
tests/test_rag.py::TestIngestEndpoint::test_empty_filename_returns_400 PASSED [ 28%]
tests/test_rag.py::TestIngestEndpoint::test_unsupported_file_type_returns_400 PASSED [ 35%]
tests/test_rag.py::TestIngestEndpoint::test_successful_ingestion_returns_201 FAILED [ 42%]
tests/test_rag.py::TestIngestEndpoint::test_chunker_failure_returns_500 FAILED [ 50%]
tests/test_rag.py::TestAskEndpoint::test_empty_question_returns_400 PASSED [ 57%]
tests/test_rag.py::TestAskEndpoint::test_whitespace_question_returns_400 PASSED [ 64%]
tests/test_rag.py::TestAskEndpoint::test_missing_question_field_returns_400 PASSED [ 71%]
tests/test_rag.py::TestAskEndpoint::test_missing_body_returns_400 PASSED [ 78%]
tests/test_rag.py::TestAskEndpoint::test_successful_question_returns_200 PASSED [ 85%]
tests/test_rag.py::TestAskEndpoint::test_generator_failure_returns_500 PASSED [ 92%]
tests/test_rag.py::TestAskEndpoint::test_question_is_stripped_before_processing PASSED [100%]

=================================== FAILURES ===================================
___________ TestIngestEndpoint.test_successful_ingestion_returns_201 ___________

self = <tests.test_rag.TestIngestEndpoint object at 0x7ab805d9b980>
client = <FlaskClient <Flask 'app.main'>>

    def test_successful_ingestion_returns_201(self, client):
        """
        Valid file upload must return 201 with chunk count.
        Using context managers avoids decorator order confusion
        when mixing pytest fixtures with mocks.
        """
        fake_chunks = [MagicMock() for _ in range(3)]
    
        with patch("app.api.routes.DocumentChunker") as mock_chunker, \
             patch("app.api.routes.VectorStore") as mock_vector_store:
    
            mock_chunker.return_value.load_and_chunk.return_value = fake_chunks
            mock_vector_store.return_value.add_documents.return_value = [
                "id1", "id2", "id3"
            ]
    
            data = {"file": (b"This is test content about RAG.", "test.txt")}
            response = client.post(
                "/api/v1/ingest",
                data=data,
                content_type="multipart/form-data"
            )
    
>       assert response.status_code == 201
E       assert 400 == 201
E        +  where 400 = <WrapperTestResponse streamed [400 BAD REQUEST]>.status_code

tests/test_rag.py:100: AssertionError
_____________ TestIngestEndpoint.test_chunker_failure_returns_500 ______________

self = <tests.test_rag.TestIngestEndpoint object at 0x7ab805d9bcb0>
client = <FlaskClient <Flask 'app.main'>>

    def test_chunker_failure_returns_500(self, client):
        """
        If chunking fails, endpoint must return 500.
        Simulates a real-world failure like a corrupt file.
        """
        with patch("app.api.routes.DocumentChunker") as mock_chunker, \
             patch("app.api.routes.VectorStore"):
    
            mock_chunker.return_value.load_and_chunk.side_effect = Exception(
                "Corrupt file"
            )
    
            data = {"file": (b"corrupt content", "broken.txt")}
            response = client.post(
                "/api/v1/ingest",
                data=data,
                content_type="multipart/form-data"
            )
    
>       assert response.status_code == 500
E       assert 400 == 500
E        +  where 400 = <WrapperTestResponse streamed [400 BAD REQUEST]>.status_code

tests/test_rag.py:125: AssertionError
=============================== warnings summary ===============================
app/core/chunker.py:4
  /home/ubuntu/rag-system/app/core/chunker.py:4: DeprecationWarning: `langchain-community` is being sunset and is no longer actively maintained. See https://github.com/langchain-ai/langchain-community/issues/674 for details and migration guidance toward standalone integration packages.
    from langchain_community.document_loaders import PyPDFLoader, TextLoader

app/config.py:6
  /home/ubuntu/rag-system/app/config.py:6: PydanticDeprecatedSince20: Support for class-based `config` is deprecated, use ConfigDict instead. Deprecated in Pydantic V2.0 to be removed in V3.0. See Pydantic V2 Migration Guide at https://errors.pydantic.dev/2.13/migration/
    class Settings(BaseSettings):

-- Docs: https://docs.pytest.org/en/stable/how-to/capture-warnings.html
=========================== short test summary info ============================
FAILED tests/test_rag.py::TestIngestEndpoint::test_successful_ingestion_returns_201
FAILED tests/test_rag.py::TestIngestEndpoint::test_chunker_failure_returns_500
================== 2 failed, 12 passed, 2 warnings in 57.92s ===================
